// Jest Snapshot v1, https://goo.gl/fbAQLP

exports[`App view Matches the snapshot 1`] = `
<h2>
  Get ready to play!
</h2>
`;
