// Jest Snapshot v1, https://goo.gl/fbAQLP

exports[`Layout component Matches the snapshot 1`] = `
<div
  className="container"
>
  <div>
    <div />
  </div>
</div>
`;
